LENOVO@DESKTOP-IKHMQPH MINGW64 ~/OneDrive/Documents/datastage/Git
$ git clone https://github.com/Chinna2211/flipkart.git
Cloning into 'flipkart'...
remote: Enumerating objects: 3, done.
remote: Total 3 (delta 0), reused 0 (delta 0), pack-reused 3
Receiving objects: 100% (3/3), done.

LENOVO@DESKTOP-IKHMQPH MINGW64 ~/OneDrive/Documents/datastage/Git
$ ls
flipkart/

LENOVO@DESKTOP-IKHMQPH MINGW64 ~/OneDrive/Documents/datastage/Git
$ cd flipkart

LENOVO@DESKTOP-IKHMQPH MINGW64 ~/OneDrive/Documents/datastage/Git/flipkart (master)
$ git pull --all
Fetching origin
Already up to date.

LENOVO@DESKTOP-IKHMQPH MINGW64 ~/OneDrive/Documents/datastage/Git/flipkart (master)
$ git branch feature/DWH-1103

LENOVO@DESKTOP-IKHMQPH MINGW64 ~/OneDrive/Documents/datastage/Git/flipkart (master)
$ git pull --all
Fetching origin
Already up to date.

LENOVO@DESKTOP-IKHMQPH MINGW64 ~/OneDrive/Documents/datastage/Git/flipkart (master)
$ git push origin feature/DWH-1103
Total 0 (delta 0), reused 0 (delta 0), pack-reused 0
remote:
remote: Create a pull request for 'feature/DWH-1103' on GitHub by visiting:
remote:      https://github.com/Chinna2211/flipkart/pull/new/feature/DWH-1103
remote:
To https://github.com/Chinna2211/flipkart.git
 * [new branch]      feature/DWH-1103 -> feature/DWH-1103

LENOVO@DESKTOP-IKHMQPH MINGW64 ~/OneDrive/Documents/datastage/Git/flipkart (master)
$ git checkout feature/DWH-1103
Switched to branch 'feature/DWH-1103'

LENOVO@DESKTOP-IKHMQPH MINGW64 ~/OneDrive/Documents/datastage/Git/flipkart (feature/DWH-1103)
$ git pull --all
Fetching origin
There is no tracking information for the current branch.
Please specify which branch you want to merge with.
See git-pull(1) for details.

    git pull <remote> <branch>

If you wish to set tracking information for this branch you can do so with:

    git branch --set-upstream-to=origin/<branch> feature/DWH-1103


LENOVO@DESKTOP-IKHMQPH MINGW64 ~/OneDrive/Documents/datastage/Git/flipkart (feature/DWH-1103)
$ git status
On branch feature/DWH-1103
Untracked files:
  (use "git add <file>..." to include in what will be committed)
        666-3.png

nothing added to commit but untracked files present (use "git add" to track)

LENOVO@DESKTOP-IKHMQPH MINGW64 ~/OneDrive/Documents/datastage/Git/flipkart (feature/DWH-1103)
$ git add .

LENOVO@DESKTOP-IKHMQPH MINGW64 ~/OneDrive/Documents/datastage/Git/flipkart (feature/DWH-1103)
$ git commit -m "Flipkart"
[feature/DWH-1103 d68fe09] Flipkart
 1 file changed, 0 insertions(+), 0 deletions(-)
 create mode 100644 666-3.png

LENOVO@DESKTOP-IKHMQPH MINGW64 ~/OneDrive/Documents/datastage/Git/flipkart (feature/DWH-1103)
$ git push origin feature/DWH-1103
Enumerating objects: 4, done.
Counting objects: 100% (4/4), done.
Delta compression using up to 4 threads
Compressing objects: 100% (3/3), done.
Writing objects: 100% (3/3), 34.23 KiB | 5.70 MiB/s, done.
Total 3 (delta 0), reused 0 (delta 0), pack-reused 0
To https://github.com/Chinna2211/flipkart.git
   2349e0f..d68fe09  feature/DWH-1103 -> feature/DWH-1103

LENOVO@DESKTOP-IKHMQPH MINGW64 ~/OneDrive/Documents/datastage/Git/flipkart (feature/DWH-1103)
$ ^C

LENOVO@DESKTOP-IKHMQPH MINGW64 ~/OneDrive/Documents/datastage/Git/flipkart (feature/DWH-1103)
$
